***** External Functions *****
1    AdminAskPath                                       iswi.obl(AdminAskPath.obs)
2    AllFeaturesDeselected                              iswi.obl(CompHelperFuncs.obs)
3    AskPath                                            isrt.obl(AskPath.obs)
4    CHECK_RETURN                                       iswi.obl(ErrHandler.obs)
5    CheckProductId                                     Setup.obs
6    CloseFile                                          isrt.obl(Files.obs)
7    CmdGetHwndDlg                                      isrt.obl(CustomDlg.obs)
8    ComponentCompareSizeRequired                       isrt.obl(component.obs)
9    ComponentErrorInfo                                 iswi.obl(ComponentConv.obs)
10   ComponentFilterLanguage                            iswi.obl(ComponentConv.obs)
11   ComponentFilterOS                                  iswi.obl(ComponentConv.obs)
12   ComponentGetData                                   iswi.obl(ComponentConv.obs)
13   ComponentGetTotalCost                              isrt.obl(component.obs)
14   ComponentIsItemSelected                            iswi.obl(ComponentConv.obs)
15   ComponentListItems                                 iswi.obl(ComponentConv.obs)
16   ComponentReinstall                                 iswi.obl(ComponentConv.obs)
17   ComponentRemoveAll                                 iswi.obl(ComponentConv.obs)
18   ComponentSaveTarget                                isrt.obl(component.obs)
19   ComponentSelectItem                                iswi.obl(ComponentConv.obs)
20   ComponentSetupTypeSet                              iswi.obl(ComponentConv.obs)
21   ComponentTransferData                              iswi.obl(ComponentConv.obs)
22   ComponentTreeInit                                  isrt.obl(Dialogs.obs)
23   CreateDir                                          isrt.obl(Files.obs)
24   CreateFile                                         isrt.obl(Files.obs)
25   CreateInstallationInfo                             iswi.obl(RegistryConv.obs)
26   CreateObject                                       isrt.obl(Misc.obs)
27   CtrlGetNotificationCode                            isrt.obl(CustomDlg.obs)
28   CtrlGetState                                       isrt.obl(CustomDlg.obs)
29   CtrlGetSubCommand                                  isrt.obl(CustomDlg.obs)
30   CtrlGetText                                        isrt.obl(CustomDlg.obs)
31   CtrlSelectText                                     isrt.obl(CustomDlg.obs)
32   CtrlSetList                                        isrt.obl(CustomDlg.obs)
33   CtrlSetMLEText                                     isrt.obl(CustomDlg.obs)
34   CtrlSetState                                       isrt.obl(CustomDlg.obs)
35   CtrlSetText                                        isrt.obl(CustomDlg.obs)
36   DefineDialog                                       isrt.obl(CustomDlg.obs)
37   DeleteFile                                         isrt.obl(Files.obs)
38   DialogSetDefaultFont                               isrt.obl(Dialogs.obs)
39   DialogSetFont                                      isrt.obl(Dialogs.obs)
40   DialogSetInfo                                      isrt.obl(Dialogs.obs)
41   Disable                                            isrt.obl(Enable.obs)
42   DiskSizeToStr                                      isrt.obl(SDINT.obs)
43   Divide                                             isrt.obl(Misc.obs)
44   DllSizeOf                                          isrt.obl(Str.obs)
45   Do                                                 isrt.obl(Misc.obs)
46   Enable                                             isrt.obl(Enable.obs)
47   EndDialog                                          isrt.obl(CustomDlg.obs)
48   ExistsDir                                          isrt.obl(Files.obs)
49   EzDefineDialog                                     isrt.obl(CustomDlg.obs)
50   FeatureCompareSizeRequired                         iswi.obl(FeatureFuncsConv.obs)
51   FeaturesInstalled                                  iswi.obl(FileTransferFuncsConv.obs)
52   FeaturesInstalling                                 iswi.obl(FileTransferFuncsConv.obs)
53   FindFile                                           isrt.obl(Files.obs)
54   FindWindow                                         isrt.obl(Misc.obs)
55   FixUpCmdLine                                       iswi.obl(HelperFuncs.obs)
56   FixUpCmdLinePostReboot                             iswi.obl(HelperFuncs.obs)
57   FormatMessage                                      isrt.obl(Misc.obs)
58   GDI32.CreateRectRgn                                iswi.obl(AdminAskPath.obs)
59   GDI32.GetDeviceCaps                                iswi.obl(AdminAskPath.obs)
60   GeneratedMSIScript                                 iswi.obl(FileTransferFuncsConv.obs)
61   GeneratingMSIScript                                iswi.obl(FileTransferFuncsConv.obs)
62   GetBillboard                                       isrt.obl(SysVars.obs)
63   GetCommonFiles                                     isrt.obl(SysVars.obs)
64   GetComponentsFeatures                              iswi.obl(CompHelperFuncs.obs)
65   GetDialogTitle                                     isrt.obl(Dialogs.obs)
66   GetDir                                             isrt.obl(Str.obs)
67   GetDisk                                            isrt.obl(Str.obs)
68   GetDiskSpace                                       isrt.obl(GSI.obs)
69   GetDiskSpaceEx                                     isrt.obl(GSI.obs)
70   GetExtents                                         isrt.obl(GSI.obs)
71   GetISRes                                           isrt.obl(SysVars.obs)
72   GetMSIFeatureName                                  iswi.obl(CompHelperFuncs.obs)
73   GetMaintenance                                     iswi.obl(ISWiInit.obs)
74   GetMsiFeaturePath                                  iswi.obl(CompHelperFuncs.obs)
75   GetMsiNameFromAliasTable                           iswi.obl(CompHelperFuncs.obs)
76   GetOpenFileMode                                    isrt.obl(Files.obs)
77   GetProductGUID                                     iswi.obl(ISWiInit.obs)
78   GetProfString                                      isrt.obl(Profile.obs)
79   GetSelectedLanguage                                isrt.obl(SysVars.obs)
80   GetSelectedTreeComponent                           isrt.obl(CmptView.obs)
81   GetSupportDir                                      isrt.obl(SysVars.obs)
82   GetSystemInfo                                      isrt.obl(GSI.obs)
83   GetUpdateStatus                                    iswi.obl(HelperFuncs.obs)
84   GetUpdateStatusReboot                              iswi.obl(HelperFuncs.obs)
85   GetValidDrivesList                                 isrt.obl(GSI.obs)
86   GetWinDir                                          isrt.obl(SysVars.obs)
87   GetWinSysDir                                       isrt.obl(SysVars.obs)
88   GetWindowHandle                                    iswi.obl(MiscConv.obs)
89   HIWORD                                             isrt.obl(Misc.obs)
90   HexStrToNum                                        isrt.obl(Str.obs)
91   ISDeterminePlatform                                isrt.obl(OsInfo.obs)
92   ISMIF32.InstallStatusMIF                           isrt.obl(MIF.obs)
93   ISRT.ComponentViewSetInfoEx                        isrt.obl(Dialogs.obs)
94   ISRT.EnableHourGlass                               isrt.obl(Enable.obs)
95   ISRT.GetCPUType                                    isrt.obl(GSI.obs)
96   ISRT.GetFontSub                                    isrt.obl(Dialogs.obs)
97   ISRT.GetHandle                                     Setup.obs
98   ISRT.GetPorts                                      isrt.obl(GSI.obs)
99   ISRT.IsEmpty                                       Setup.obs
100  ISRT.IsNTAdmin                                     isrt.obl(Is.obs)
101  ISRT.IsObject                                      Setup.obs
102  ISRT.LangLoadString                                isrt.obl(SDINT.obs)
103  ISRT.LnchAppAndWait                                isrt.obl(Extend.obs)
104  ISRT.MessageBeepP                                  Setup.obs
105  ISRT.PathCompactPathPixel                          isrt.obl(CustomDlg.obs)
106  ISRT.PathGetDir                                    isrt.obl(Str.obs)
107  ISRT.PathGetDrive                                  isrt.obl(Str.obs)
108  ISRT.PathGetFile                                   isrt.obl(Str.obs)
109  ISRT.PathGetFileExt                                isrt.obl(Str.obs)
110  ISRT.PathGetFileName                               isrt.obl(Str.obs)
111  ISRT.PathGetLongFromShort                          isrt.obl(Str.obs)
112  ISRT.PathGetPath                                   isrt.obl(Str.obs)
113  ISRT.PathGetSpecialFolder                          isrt.obl(SysVars.obs)
114  ISRT.PathIsValidSyntax                             isrt.obl(Is.obs)
115  ISRT._BrowseForFolder                              isrt.obl(SelectDir.obs)
116  ISRT._CloseFile                                    isrt.obl(Files.obs)
117  ISRT._CmdGetHwndDlg                                isrt.obl(CustomDlg.obs)
118  ISRT._ComponentCompareSizeRequired                 isrt.obl(component.obs)
119  ISRT._ComponentGetTotalCost                        isrt.obl(component.obs)
120  ISRT._ComponentSaveTarget                          isrt.obl(component.obs)
121  ISRT._CreateDir                                    isrt.obl(Files.obs)
122  ISRT._CreateObject                                 isrt.obl(Misc.obs)
123  ISRT._CtrlGetNotificationCode                      isrt.obl(CustomDlg.obs)
124  ISRT._CtrlGetSubCommand                            isrt.obl(CustomDlg.obs)
125  ISRT._DefineDialog                                 isrt.obl(CustomDlg.obs)
126  ISRT._DialogSetFont                                isrt.obl(Dialogs.obs)
127  ISRT._DisableStatus                                isrt.obl(Enable.obs)
128  ISRT._Divide                                       isrt.obl(Misc.obs)
129  ISRT._DoSprintf                                    iswi.obl(HelperFuncs.obs)
130  ISRT._EnableDialogCache                            isrt.obl(Enable.obs)
131  ISRT._EnablePrevDialog                             iswi.obl(AdminAskPath.obs)
132  ISRT._EnableStatus                                 isrt.obl(Enable.obs)
133  ISRT._EndDialog                                    isrt.obl(CustomDlg.obs)
134  ISRT._ExistsDir                                    isrt.obl(Files.obs)
135  ISRT._ExistsFile                                   isrt.obl(Files.obs)
136  ISRT._GetDiskSpaceEx                               isrt.obl(GSI.obs)
137  ISRT._GetGlobalMemorySize                          isrt.obl(GSI.obs)
138  ISRT._GetSelectedTreeComponent                     isrt.obl(CmptView.obs)
139  ISRT._GetSupportDir                                isrt.obl(SysVars.obs)
140  ISRT._ListAddItem                                  isrt.obl(scrlist.obs)
141  ISRT._ListAddString                                isrt.obl(scrlist.obs)
142  ISRT._ListCount                                    isrt.obl(scrlist.obs)
143  ISRT._ListCreate                                   isrt.obl(scrlist.obs)
144  ISRT._ListCurrentString                            isrt.obl(scrlist.obs)
145  ISRT._ListDestroy                                  isrt.obl(scrlist.obs)
146  ISRT._ListFindString                               isrt.obl(scrlist.obs)
147  ISRT._ListGetFirstItem                             isrt.obl(scrlist.obs)
148  ISRT._ListGetFirstString                           isrt.obl(scrlist.obs)
149  ISRT._ListGetNextItem                              isrt.obl(scrlist.obs)
150  ISRT._ListGetNextString                            isrt.obl(scrlist.obs)
151  ISRT._ListGetType                                  isrt.obl(scrlist.obs)
152  ISRT._ListSetIndex                                 isrt.obl(scrlist.obs)
153  ISRT._OpenFile                                     isrt.obl(Files.obs)
154  ISRT._RegCreateKey                                 iswi.obl(RegistryConv.obs)
155  ISRT._RegQueryKeyBinaryValue                       iswi.obl(RegistryConv.obs)
156  ISRT._RegQueryKeyValue                             iswi.obl(RegistryConv.obs)
157  ISRT._RegSetKeyBinaryValue                         iswi.obl(RegistryConv.obs)
158  ISRT._RegSetKeyValue                               iswi.obl(RegistryConv.obs)
159  ISRT._ReleaseDialog                                isrt.obl(CustomDlg.obs)
160  ISRT._SetAltMainImage                              isrt.obl(Dialogs.obs)
161  ISRT._SetDisplayEffect                             isrt.obl(ui.obs)
162  ISRT._TreeViewCreate                               isrt.obl(CmptView.obs)
163  ISRT._WaitOnDialog                                 isrt.obl(CustomDlg.obs)
164  ISRT._WriteLine                                    isrt.obl(Files.obs)
165  ISRT.__CreateObjectContext                         isrt.obl(ISRTInit.obs)
166  ISRT.__GetCmdLineOptions                           isrt.obl(ISRTInit.obs)
167  ISRT.__GetContextGUID                              isrt.obl(ISRTInit.obs)
168  ISRT.__GetFileRegistrar                            isrt.obl(ISRTInit.obs)
169  ISRT.__GetInfo                                     isrt.obl(ISRTInit.obs)
170  ISRT.__GetLogDB                                    isrt.obl(ISRTInit.obs)
171  ISRT.__GetMainWindow                               Setup.obs
172  ISRT.__GetMaintenanceMode                          isrt.obl(SysVars.obs)
173  ISRT.__GetObjects                                  isrt.obl(ISRTInit.obs)
174  ISRT.__GetProductGuid                              isrt.obl(SysVars.obs)
175  ISRT.__GetProgress                                 Setup.obs
176  ISRT.__GetReboot                                   isrt.obl(ISRTInit.obs)
177  ISRT.__GetTextSub                                  isrt.obl(ISRTInit.obs)
178  ISRT.__ReleaseObjectContext                        isrt.obl(ISRTInit.obs)
179  ISRT.__RestoreMainLog                              isrt.obl(ISRTInit.obs)
180  ISRT.__SetComponentLog                             isrt.obl(ISRTInit.obs)
181  ISWIOnAppSearch                                    iswi.obl(DriverConv.obs)
182  ISWIOnCCPSearch                                    iswi.obl(DriverConv.obs)
183  ISWIOnExitInstall                                  iswi.obl(DriverConv.obs)
184  ISWIOnFirstUIAfter                                 iswi.obl(DriverConv.obs)
185  ISWIOnFirstUIBefore                                iswi.obl(DriverConv.obs)
186  ISWIOnInitInstall                                  iswi.obl(DriverConv.obs)
187  ISWIOnMaintUIAfter                                 iswi.obl(DriverConv.obs)
188  ISWIOnMaintUIBefore                                iswi.obl(DriverConv.obs)
189  ISWIOnMinorUpgradeUIAfter                          ifx.obl(DriverConv.obs)
190  ISWIOnMinorUpgradeUIBefore                         ifx.obl(DriverConv.obs)
191  ISWIOnMoveData                                     iswi.obl(DriverConv.obs)
192  ISWIOnResumeUIAfter                                iswi.obl(DriverConv.obs)
193  ISWIOnResumeUIBefore                               iswi.obl(DriverConv.obs)
194  ISWIPCRestoreAfter                                 iswi.obl(DriverConv.obs)
195  ISWIPCRestoreBefore                                iswi.obl(DriverConv.obs)
196  InstallFilesActionAfter                            iswi.obl(FileTransferFuncsConv.obs)
197  InstallFilesActionBefore                           iswi.obl(FileTransferFuncsConv.obs)
198  Is                                                 isrt.obl(Is.obs)
199  IsOSWinXP                                          iswi.obl(HelperFuncs.obs)
200  IsTestSetup                                        iswi.obl(HelperFuncs.obs)
201  KERNEL.GetModuleHandle                             Setup.obs
202  KERNEL32.CloseHandle                               iswi.obl(AdminAskPath.obs)
203  KERNEL32.CreateFileA                               iswi.obl(AdminAskPath.obs)
204  KERNEL32.DeleteFileA                               iswi.obl(AdminAskPath.obs)
205  KERNEL32.FindClose                                 iswi.obl(AdminAskPath.obs)
206  KERNEL32.FindFirstFileA                            iswi.obl(AdminAskPath.obs)
207  KERNEL32.FindNextFileA                             iswi.obl(AdminAskPath.obs)
208  KERNEL32.FormatMessageA                            iswi.obl(AdminAskPath.obs)
209  KERNEL32.GetDriveType                              iswi.obl(AdminAskPath.obs)
210  KERNEL32.GetFileAttributesA                        iswi.obl(AdminAskPath.obs)
211  KERNEL32.GetLocalTime                              iswi.obl(AdminAskPath.obs)
212  KERNEL32.GetLocaleInfo                             iswi.obl(AdminAskPath.obs)
213  KERNEL32.GetPrivateProfileString                   iswi.obl(AdminAskPath.obs)
214  KERNEL32.GetPrivateProfileStringA                  iswi.obl(AdminAskPath.obs)
215  KERNEL32.GetProfileStringA                         iswi.obl(AdminAskPath.obs)
216  KERNEL32.GetShortPathNameA                         iswi.obl(AdminAskPath.obs)
217  KERNEL32.GetSystemDefaultLCID                      iswi.obl(AdminAskPath.obs)
218  KERNEL32.GetUserDefaultLangID                      iswi.obl(AdminAskPath.obs)
219  KERNEL32.GetVersion                                iswi.obl(AdminAskPath.obs)
220  KERNEL32.GetVersionEx                              iswi.obl(AdminAskPath.obs)
221  KERNEL32.GetVolumeInformation                      iswi.obl(AdminAskPath.obs)
222  KERNEL32.GetWindowsDirectory                       iswi.obl(AdminAskPath.obs)
223  KERNEL32.SetFileAttributesA                        iswi.obl(AdminAskPath.obs)
224  KERNEL32.WritePrivateProfileString                 iswi.obl(AdminAskPath.obs)
225  KERNEL32.lstrlen                                   iswi.obl(AdminAskPath.obs)
226  Kernel32.GetModuleHandleA                          iswi.obl(ComponentConv.obs)
227  LOWORD                                             isrt.obl(Misc.obs)
228  LaunchAgent                                        iswi.obl(HelperFuncs.obs)
229  LaunchApp                                          isrt.obl(Extend.obs)
230  LaunchAppAndWait                                   isrt.obl(Extend.obs)
231  ListAddItem                                        isrt.obl(scrlist.obs)
232  ListAddString                                      isrt.obl(scrlist.obs)
233  ListCount                                          isrt.obl(scrlist.obs)
234  ListCreate                                         isrt.obl(scrlist.obs)
235  ListCurrentString                                  isrt.obl(scrlist.obs)
236  ListDestroy                                        isrt.obl(scrlist.obs)
237  ListFindString                                     isrt.obl(scrlist.obs)
238  ListGetFirstItem                                   isrt.obl(scrlist.obs)
239  ListGetFirstString                                 isrt.obl(scrlist.obs)
240  ListGetLastString                                  iswi.obl(CompHelperFuncs.obs)
241  ListGetNextItem                                    isrt.obl(scrlist.obs)
242  ListGetNextString                                  isrt.obl(scrlist.obs)
243  ListGetType                                        isrt.obl(scrlist.obs)
244  ListSetIndex                                       isrt.obl(scrlist.obs)
245  LongPathFromShortPath                              isrt.obl(Str.obs)
246  LongPathToQuote                                    isrt.obl(Str.obs)
247  LongPathToShortPath                                isrt.obl(Str.obs)
248  MAKELONG                                           isrt.obl(Misc.obs)
249  MIFCreateMIFFile                                   isrt.obl(MIF.obs)
250  MIFDeleteMIFFile                                   isrt.obl(MIF.obs)
251  MIFInitialize                                      isrt.obl(MIF.obs)
252  MIFSetInformation                                  isrt.obl(MIF.obs)
253  MIFUnInitialize                                    isrt.obl(MIF.obs)
254  MIFWasSetInformationCalled                         isrt.obl(MIF.obs)
255  MessageBeep                                        isrt.obl(Misc.obs)
256  MessageBox                                         isrt.obl(MsgBox.obs)
257  Moved                                              iswi.obl(FileTransferFuncsConv.obs)
258  Moving                                             iswi.obl(FileTransferFuncsConv.obs)
259  MsiCloseHandle                                     iswi.obl(MsiFuncsConv.obs)
260  MsiCreateRecord                                    iswi.obl(MsiFuncsConv.obs)
261  MsiDatabaseOpenView                                iswi.obl(MsiFuncsConv.obs)
262  MsiDoAction                                        iswi.obl(MsiFuncsConv.obs)
263  MsiGetActiveDatabase                               iswi.obl(MsiFuncsConv.obs)
264  MsiGetFeatureState                                 iswi.obl(MsiFuncsConv.obs)
265  MsiGetProperty                                     iswi.obl(MsiFuncsConv.obs)
266  MsiGetPropertyIS                                   iswi.obl(MsiFuncsConv.obs)
267  MsiGetSourcePath                                   iswi.obl(MsiFuncsConv.obs)
268  MsiGetTargetPath                                   iswi.obl(MsiFuncsConv.obs)
269  MsiInstallProduct                                  iswi.obl(MsiFuncsConv.obs)
270  MsiProcessMessage                                  iswi.obl(MsiFuncsConv.obs)
271  MsiRecordGetInteger                                iswi.obl(MsiFuncsConv.obs)
272  MsiRecordGetString                                 iswi.obl(MsiFuncsConv.obs)
273  MsiRecordSetString                                 iswi.obl(MsiFuncsConv.obs)
274  MsiSetProperty                                     iswi.obl(MsiFuncsConv.obs)
275  MsiSetTargetPath                                   iswi.obl(MsiFuncsConv.obs)
276  MsiViewExecute                                     iswi.obl(MsiFuncsConv.obs)
277  MsiViewFetch                                       iswi.obl(MsiFuncsConv.obs)
278  OnAbort                                            iswi.obl(DriverConv.obs)
279  OnAction                                           iswi.obl(ISWiInit.obs)
280  OnAdminInstallUIAfter                              iswi.obl(DriverConv.obs)
281  OnAdminInstallUIBefore                             iswi.obl(DriverConv.obs)
282  OnAdminPatchUIAfter                                iswi.obl(DriverConv.obs)
283  OnAdminPatchUIBefore                               iswi.obl(DriverConv.obs)
284  OnAdvertisementAfter                               iswi.obl(DriverConv.obs)
285  OnAdvertisementBefore                              iswi.obl(DriverConv.obs)
286  OnAppSearch                                        iswi.obl(DriverConv.obs)
287  OnBegin                                            iswi.obl(DriverConv.obs)
288  OnCCPSearch                                        iswi.obl(DriverConv.obs)
289  OnCanceling                                        iswi.obl(DriverConv.obs)
290  OnComponentError                                   iswi.obl(Exceptions.obs)
291  OnEnd                                              iswi.obl(DriverConv.obs)
292  OnError                                            iswi.obl(DriverConv.obs)
293  OnException                                        iswi.obl(Exceptions.obs)
294  OnFeaturesInstalled                                iswi.obl(FileTransferFuncsConv.obs)
295  OnFeaturesInstalling                               iswi.obl(FileTransferFuncsConv.obs)
296  OnFilesInUse                                       iswi.obl(DriverConv.obs)
297  OnFirstUIAfter                                     iswi.obl(DriverConv.obs)
298  OnFirstUIBefore                                    iswi.obl(DriverConv.obs)
299  OnGeneratedMSIScript                               iswi.obl(FileTransferFuncsConv.obs)
300  OnGeneratingMSIScript                              iswi.obl(FileTransferFuncsConv.obs)
301  OnHelp                                             iswi.obl(DriverConv.obs)
302  OnInstallFilesActionAfter                          iswi.obl(FileTransferFuncsConv.obs)
303  OnInstallFilesActionBefore                         iswi.obl(FileTransferFuncsConv.obs)
304  OnMaintUIAfter                                     iswi.obl(DriverConv.obs)
305  OnMaintUIBefore                                    iswi.obl(DriverConv.obs)
306  OnMaintenance                                      iswi.obl(DriverConv.obs)
307  OnMinorUpgrade                                     ifx.obl(DriverConv.obs)
308  OnMinorUpgradeUIAfter                              ifx.obl(DriverConv.obs)
309  OnMinorUpgradeUIBefore                             ifx.obl(DriverConv.obs)
310  OnMoved                                            iswi.obl(FileTransferFuncsConv.obs)
311  OnMoving                                           iswi.obl(FileTransferFuncsConv.obs)
312  OnMsiSilentInstall                                 iswi.obl(DriverConv.obs)
313  OnOutOfDiskSpace                                   iswi.obl(DriverConv.obs)
314  OnPatchUIAfter                                     iswi.obl(DriverConv.obs)
315  OnPatchUIBefore                                    iswi.obl(DriverConv.obs)
316  OnRebooted                                         iswi.obl(DriverConv.obs)
317  OnResolveSource                                    iswi.obl(DriverConv.obs)
318  OnResume                                           iswi.obl(DriverConv.obs)
319  OnResumeUIAfter                                    iswi.obl(DriverConv.obs)
320  OnResumeUIBefore                                   iswi.obl(DriverConv.obs)
321  OnSelfRegistrationError                            iswi.obl(Exceptions.obs)
322  OnUnhandledException                               iswi.obl(DriverConv.obs)
323  OnUninstall                                        iswi.obl(DriverConv.obs)
324  OnUpdateService                                    iswi.obl(DriverConv.obs)
325  OnWarning                                          iswi.obl(DriverConv.obs)
326  OpenFile                                           isrt.obl(Files.obs)
327  OpenFileMode                                       isrt.obl(Files.obs)
328  ParsePath                                          isrt.obl(Str.obs)
329  ProgDefGroupType                                   isrt.obl(Shell.obs)
330  ProgGetGroupType                                   isrt.obl(Shell.obs)
331  PthFixPath                                         isrt.obl(Pth.obs)
332  PthIsAbsPath                                       isrt.obl(Pth.obs)
333  RebootNeeded                                       iswi.obl(FileTransferFuncsConv.obs)
334  RedirectMsiCloseHandle                             iswi.obl(RedirectedMsiFuncsConv.obs)
335  RedirectMsiCreateRecord                            iswi.obl(RedirectedMsiFuncsConv.obs)
336  RedirectMsiGetActiveDatabase                       iswi.obl(RedirectedMsiFuncsConv.obs)
337  RedirectMsiProcessMessage                          iswi.obl(RedirectedMsiFuncsConv.obs)
338  RedirectMsiRecordGetInteger                        iswi.obl(RedirectedMsiFuncsConv.obs)
339  RedirectMsiViewExecute                             iswi.obl(RedirectedMsiFuncsConv.obs)
340  RedirectMsiViewFetch                               iswi.obl(RedirectedMsiFuncsConv.obs)
341  RegDBGetKeyValueEx                                 iswi.obl(RegistryConv.obs)
342  RegDBInit                                          iswi.obl(RegistryConv.obs)
343  RegDBQueryValue                                    iswi.obl(RegistryConv.obs)
344  RegDBSetDefaultRoot                                iswi.obl(RegistryConv.obs)
345  RegDBSetKeyValueEx                                 iswi.obl(RegistryConv.obs)
346  RegDBSetValue                                      iswi.obl(RegistryConv.obs)
347  ReleaseDialog                                      isrt.obl(CustomDlg.obs)
348  RemoveSpaces                                       iswi.obl(HelperFuncs.obs)
349  ResolveShellObjectsFolder                          iswi.obl(CompHelperFuncs.obs)
350  RunAll                                             Setup.obs
351  SdAskDestPath                                      isrt.obl(SDADPATH.obs)
352  SdCloseDlg                                         isrt.obl(SDINT.obs)
353  SdComponentDlgCheckSpace                           isrt.obl(SDINT.obs)
354  SdComponentTree                                    isrt.obl(SDCOMTREE.obs)
355  SdCustomerInformation                              iswi.obl(SdCustInfo.obs)
356  SdDlgToTop                                         isrt.obl(SDINT.obs)
357  SdDoStdButton                                      isrt.obl(SDINT.obs)
358  SdEnablement                                       isrt.obl(SDINT.obs)
359  SdError                                            isrt.obl(SDINT.obs)
360  SdFeatureTree                                      iswi.obl(FeatureFuncsConv.obs)
361  SdFilesInUse                                       iswi.obl(SdFilesInUse.obs)
362  SdFinish                                           isrt.obl(SDFINISH.obs)
363  SdFinishEx                                         iswi.obl(SdFinishExConv.obs)
364  SdFinishReboot                                     isrt.obl(SDFINBOT.obs)
365  SdFinishUpdate                                     iswi.obl(SdFinishUpdate.obs)
366  SdFinishUpdateReboot                               iswi.obl(SdFinUpdateRebot.obs)
367  SdGeneralInit                                      isrt.obl(SDINT.obs)
368  SdInit                                             isrt.obl(SDINT.obs)
369  SdIsStdButton                                      isrt.obl(SDINT.obs)
370  SdLoadString                                       isrt.obl(SDINT.obs)
371  SdMakeName                                         isrt.obl(SDINT.obs)
372  SdOutOfDiskSpace                                   iswi.obl(SdDiskReqs.obs)
373  SdPatchWelcome                                     iswi.obl(SdPatchWel.obs)
374  SdPlugInProductName                                isrt.obl(SDINT.obs)
375  SdProductName                                      iswi.obl(SdprodctConv.obs)
376  SdSetDlgTitle                                      isrt.obl(SDINT.obs)
377  SdSetStatic                                        isrt.obl(SDINT.obs)
378  SdSetupCompleteError                               iswi.obl(SdSetupCompleteError.obs)
379  SdStartCopy                                        isrt.obl(SDSCOPY.obs)
380  SdUnInit                                           isrt.obl(SDINT.obs)
381  SdWelcome                                          isrt.obl(SDWEL.obs)
382  SdWelcomeMaint                                     isrt.obl(SdWelcomeMaint.obs)
383  SelectDir                                          isrt.obl(SelectDir.obs)
384  SelectDirNoLog                                     isrt.obl(SelectDir.obs)
385  SendMessage                                        isrt.obl(Misc.obs)
386  SetCmdLine                                         isrt.obl(SysVars.obs)
387  SetDisplayEffect                                   isrt.obl(ui.obs)
388  SetEnabledRunAll                                   Setup.obs
389  SetFolderDesktop                                   isrt.obl(SysVars.obs)
390  SetFolderPrograms                                  isrt.obl(SysVars.obs)
391  SetFolderStartMenu                                 isrt.obl(SysVars.obs)
392  SetFolderStartup                                   isrt.obl(SysVars.obs)
393  SetGlobalVars                                      iswi.obl(ISWiInit.obs)
394  SetInstallationInfo                                iswi.obl(RegistryConv.obs)
395  SetMifInformationOnly                              iswi.obl(RegistryConv.obs)
396  SetUpdateStatus                                    iswi.obl(HelperFuncs.obs)
397  SetUpdateStatusReboot                              iswi.obl(HelperFuncs.obs)
398  SetupType                                          isrt.obl(SetupType.obs)
399  SilentDoGeneralInfo                                isrt.obl(Silent.obs)
400  SilentFailed                                       isrt.obl(Silent.obs)
401  SilentFinish                                       isrt.obl(Silent.obs)
402  SilentGetMode                                      isrt.obl(Silent.obs)
403  SilentInit                                         isrt.obl(Silent.obs)
404  SilentReadData                                     isrt.obl(Silent.obs)
405  SilentSetInfo                                      isrt.obl(Silent.obs)
406  SilentSetMode                                      isrt.obl(Silent.obs)
407  SilentWriteData                                    isrt.obl(Silent.obs)
408  Sprintf                                            isrt.obl(Str.obs)
409  SprintfBox                                         isrt.obl(MsgBox.obs)
410  SprintfMsiLog                                      iswi.obl(HelperFuncs.obs)
411  StrDelete                                          iswi.obl(HelperFuncs.obs)
412  StrGetTokens                                       isrt.obl(Str.obs)
413  StrLength                                          isrt.obl(Str.obs)
414  StrRemoveLastSlash                                 isrt.obl(Str.obs)
415  StrRemoveSpaces                                    isrt.obl(Str.obs)
416  StrToUpper                                         isrt.obl(Str.obs)
417  SysVarsInit                                        isrt.obl(SysVars.obs)
418  SysVarsInitConv                                    iswi.obl(SysVarsConv.obs)
419  SysVarsUnInit                                      iswi.obl(SysVarsConv.obs)
420  System                                             isrt.obl(Misc.obs)
421  TreeViewCreate                                     isrt.obl(CmptView.obs)
422  USER.EnableWindow                                  Setup.obs
423  USER.GetClassName                                  Setup.obs
424  USER.GetDC                                         Setup.obs
425  USER.GetDlgItem                                    Setup.obs
426  USER.GetFocus                                      Setup.obs
427  USER.GetWindowLong                                 Setup.obs
428  USER.IsIconic                                      Setup.obs
429  USER.IsWindow                                      Setup.obs
430  USER.IsWindowVisible                               iswi.obl(AdminAskPath.obs)
431  USER.ReleaseDC                                     Setup.obs
432  USER.SendMessageA                                  iswi.obl(AdminAskPath.obs)
433  USER.SetFocus                                      Setup.obs
434  USER.SetForegroundWindow                           iswi.obl(AdminAskPath.obs)
435  USER.SetWindowPos                                  Setup.obs
436  USER.SetWindowText                                 Setup.obs
437  USER.ShowWindow                                    Setup.obs
438  USER32.CharUpperBuffA                              iswi.obl(AdminAskPath.obs)
439  USER32.FindWindowA                                 iswi.obl(AdminAskPath.obs)
440  USER32.GetDlgItem                                  iswi.obl(SdDiskReqs.obs)
441  USER32.GetSystemMetrics                            iswi.obl(AdminAskPath.obs)
442  USER32.GetWindowRect                               iswi.obl(SdDiskReqs.obs)
443  USER32.GetWindowText                               iswi.obl(AdminAskPath.obs)
444  USER32.GetWindowTextLength                         iswi.obl(AdminAskPath.obs)
445  USER32.MessageBoxA                                 iswi.obl(AdminAskPath.obs)
446  USER32.SendMessageA                                iswi.obl(AdminAskPath.obs)
447  USER32.SetWindowLong                               iswi.obl(AdminAskPath.obs)
448  USER32.SetWindowRgn                                iswi.obl(AdminAskPath.obs)
449  User32.DestroyWindow                               iswi.obl(SdDiskReqs.obs)
450  User32.LoadStringA                                 iswi.obl(ComponentConv.obs)
451  WaitOnDialog                                       isrt.obl(CustomDlg.obs)
452  WriteLine                                          isrt.obl(Files.obs)
453  _HandleException                                   isrt.obl(exceptions.obs)
454  __AddIntegerToArray                                iswi.obl(HelperFuncs.obs)
455  __AddStringToArray                                 iswi.obl(HelperFuncs.obs)
456  __ComponentListItemsEx                             iswi.obl(CompHelperFuncs.obs)
457  __ComponentListItemsExInstall                      iswi.obl(CompHelperFuncs.obs)
458  __ComponentListItemsExUnInstall                    iswi.obl(CompHelperFuncs.obs)
459  __ComponentMoveXferData                            iswi.obl(CompHelperFuncs.obs)
460  __DefaultExitHandler                               isrt.obl(handlers.obs)
461  __GetFinishMode                                    iswi.obl(ISWiInit.obs)
462  __GetMsiHandle                                     iswi.obl(SysVarsConv.obs)
463  __GetSourceDir                                     iswi.obl(SysVarsConv.obs)
464  __HandleError                                      iswi.obl(ErrHandler.obs)
465  __ISRTDoExit                                       isrt.obl(Misc.obs)
466  __ISRTInit                                         isrt.obl(ISRTInit.obs)
467  __ISRTRestoreMainLog                               isrt.obl(ISRTInit.obs)
468  __ISRTSetComponentLog                              isrt.obl(ISRTInit.obs)
469  __ISRTUnInit                                       isrt.obl(ISRTInit.obs)
470  __ISWIInit                                         iswi.obl(ISWiInit.obs)
471  __ISWIMsiHandle                                    iswi.obl(ISWiInit.obs)
472  __ISWIUnInit                                       iswi.obl(ISWiInit.obs)
473  __IsArrayEmpty                                     iswi.obl(HelperFuncs.obs)
474  __LoadIScriptString                                iswi.obl(ISWiInit.obs)
475  __MsiGetFeatureState                               iswi.obl(MsiWrappersConv.obs)
476  __MsiOpenView                                      iswi.obl(CompHelperFuncs.obs)
477  __MsiRecordGetString                               iswi.obl(MsiWrappersConv.obs)
478  __OnAbort                                          iswi.obl(DriverConv.obs)
479  __OnAdminPatch                                     iswi.obl(DriverConv.obs)
480  __OnAdministrativeInstall                          iswi.obl(DriverConv.obs)
481  __OnAdvertisement                                  iswi.obl(DriverConv.obs)
482  __OnBegin                                          iswi.obl(DriverConv.obs)
483  __OnCanceling                                      iswi.obl(DriverConv.obs)
484  __OnEnd                                            iswi.obl(DriverConv.obs)
485  __OnError                                          iswi.obl(DriverConv.obs)
486  __OnMsiMaintenance                                 iswi.obl(DriverConv.obs)
487  __OnMsiMinorUpgrade                                ifx.obl(DriverConv.obs)
488  __OnMsiRebooted                                    iswi.obl(DriverConv.obs)
489  __OnMsiSilentInstall                               iswi.obl(DriverConv.obs)
490  __OnMsiUninstall                                   iswi.obl(DriverConv.obs)
491  __OnPatch                                          iswi.obl(DriverConv.obs)
492  __OnResume                                         iswi.obl(DriverConv.obs)
493  __OnWarning                                        iswi.obl(DriverConv.obs)
494  __ResetMsiObject                                   iswi.obl(ISWiInit.obs)
495  __SetMaintenance                                   iswi.obl(ISWiInit.obs)
496  __SetMsiHandle                                     iswi.obl(SysVarsConv.obs)
497  __SetMsiServer                                     iswi.obl(ISWiInit.obs)
498  __SetPatch                                         iswi.obl(SysVarsConv.obs)
499  __SetSourceDir                                     iswi.obl(SysVarsConv.obs)
500  isrt.IsObject                                      iswi.obl(MsiFuncsConv.obs)
501  isrt._ComponentGetData                             iswi.obl(ComponentConv.obs)
502  isrt._ComponentIsItemSelected                      iswi.obl(ComponentConv.obs)
503  isrt._ComponentListItems                           iswi.obl(ComponentConv.obs)
504  isrt._ComponentReinstall                           iswi.obl(ComponentConv.obs)
505  isrt._ComponentRemoveAll                           iswi.obl(ComponentConv.obs)
506  isrt._ComponentSelectItem                          iswi.obl(ComponentConv.obs)
507  isrt._ComponentSetupTypeSet                        iswi.obl(ComponentConv.obs)
508  isrt._EnableDialogCache                            iswi.obl(ISWiInit.obs)
509  kernel32.GetLocalTime                              iswi.obl(ErrHandler.obs)
510  kernel32.GetWindowsDirectoryA                      iswi.obl(ErrHandler.obs)
511  msi.MsiCloseHandle                                 iswi.obl(RedirectedMsiFuncsConv.obs)
512  msi.MsiCreateRecord                                iswi.obl(RedirectedMsiFuncsConv.obs)
513  msi.MsiDatabaseOpenViewA                           Setup.obs
514  msi.MsiDoActionA                                   Setup.obs
515  msi.MsiGetActiveDatabase                           iswi.obl(RedirectedMsiFuncsConv.obs)
516  msi.MsiGetFeatureStateA                            Setup.obs
517  msi.MsiGetProductInfoA                             Setup.obs
518  msi.MsiGetPropertyA                                Setup.obs
519  msi.MsiGetSourcePathA                              Setup.obs
520  msi.MsiGetTargetPathA                              Setup.obs
521  msi.MsiOpenDatabaseA                               Setup.obs
522  msi.MsiProcessMessage                              iswi.obl(RedirectedMsiFuncsConv.obs)
523  msi.MsiRecordGetInteger                            iswi.obl(RedirectedMsiFuncsConv.obs)
524  msi.MsiRecordGetStringA                            Setup.obs
525  msi.MsiRecordSetStringA                            Setup.obs
526  msi.MsiSetPropertyA                                Setup.obs
527  msi.MsiSetTargetPathA                              Setup.obs
528  msi.MsiViewExecute                                 iswi.obl(RedirectedMsiFuncsConv.obs)
529  msi.MsiViewFetch                                   iswi.obl(RedirectedMsiFuncsConv.obs)
530  program                                            iswi.obl(DriverConv.obs)
531  sfc.SRSetRestorePoint                              Setup.obs


***** External Variables *****
1    AdminToolsFolder                                   iswi.obl(DebugSymbolsConv.obs)
2    AppDataFolder                                      iswi.obl(DebugSymbolsConv.obs)
3    BATCH_INSTALL                                      Setup.obs
4    CMDLINE                                            iswi.obl(DebugSymbolsConv.obs)
5    CMPTFILTERLANGOBJ                                  iswi.obl(CompHelperFuncs.obs)
6    COMMONFILES                                        iswi.obl(DebugSymbolsConv.obs)
7    CommonAppDataFolder                                iswi.obl(DebugSymbolsConv.obs)
8    CommonFiles64Folder                                iswi.obl(DebugSymbolsConv.obs)
9    CommonFilesFolder                                  iswi.obl(DebugSymbolsConv.obs)
10   DISK1TARGET                                        Setup.obs
11   DesktopFolder                                      iswi.obl(DebugSymbolsConv.obs)
12   ERRORFILENAME                                      Setup.obs
13   ERRORINFO                                          iswi.obl(ComponentConv.obs)
14   Err                                                Setup.obs
15   FEATURE                                            iswi.obl(ComponentConv.obs)
16   FILEERROR                                          iswi.obl(ComponentConv.obs)
17   FILETIME                                           iswi.obl(AdminAskPath.obs)
18   FIND_DATA                                          iswi.obl(AdminAskPath.obs)
19   FOLDER_DESKTOP                                     iswi.obl(DebugSymbolsConv.obs)
20   FOLDER_PROGRAMS                                    iswi.obl(DebugSymbolsConv.obs)
21   FOLDER_STARTMENU                                   iswi.obl(DebugSymbolsConv.obs)
22   FOLDER_STARTUP                                     iswi.obl(DebugSymbolsConv.obs)
23   FavoritesFolder                                    iswi.obl(DebugSymbolsConv.obs)
24   FileRegistrar                                      Setup.obs
25   FontsFolder                                        iswi.obl(DebugSymbolsConv.obs)
26   INSTALLDIR                                         Setup.obs
27   ISMSI_HANDLE                                       iswi.obl(DebugSymbolsConv.obs)
28   ISRES                                              iswi.obl(DebugSymbolsConv.obs)
29   ISUSER                                             iswi.obl(DebugSymbolsConv.obs)
30   ISUTIL_FUNCTION_ERROR                              iswi.obl(CompHelperFuncs.obs)
31   ISUTIL_LINE_NUMBER                                 iswi.obl(CompHelperFuncs.obs)
32   ISUTIL_POSITIVE_ERROR                              iswi.obl(CompHelperFuncs.obs)
33   ISUTIL_SCRIPT_FILE                                 iswi.obl(CompHelperFuncs.obs)
34   ISVERSION                                          iswi.obl(DebugSymbolsConv.obs)
35   LAST_RESULT                                        Setup.obs
36   LVITEM                                             iswi.obl(SdDiskReqs.obs)
37   LV_COLUMN                                          iswi.obl(SdDiskReqs.obs)
38   LocalAppDataFolder                                 iswi.obl(DebugSymbolsConv.obs)
39   LogDB                                              Setup.obs
40   MAINTENANCE                                        iswi.obl(DebugSymbolsConv.obs)
41   MEDIA                                              Setup.obs
42   MODE                                               iswi.obl(DebugSymbolsConv.obs)
43   MainWindow                                         Setup.obs
44   MyPicturesFolder                                   iswi.obl(DebugSymbolsConv.obs)
45   NOTHING                                            Setup.obs
46   NetHoodFolder                                      iswi.obl(DebugSymbolsConv.obs)
47   OSINFO_PLATFORM_INFO                               Setup.obs
48   OSVERSIONINFO                                      iswi.obl(AdminAskPath.obs)
49   OSVERSIONINFOEX                                    iswi.obl(AdminAskPath.obs)
50   Objects                                            Setup.obs
51   PATCH                                              iswi.obl(DebugSymbolsConv.obs)
52   PRODUCT_GUID                                       iswi.obl(DebugSymbolsConv.obs)
53   PROGRAMFILES                                       iswi.obl(DebugSymbolsConv.obs)
54   PersonalFolder                                     iswi.obl(DebugSymbolsConv.obs)
55   PrintHoodFolder                                    iswi.obl(DebugSymbolsConv.obs)
56   ProgramFiles64Folder                               iswi.obl(DebugSymbolsConv.obs)
57   ProgramFilesFolder                                 iswi.obl(DebugSymbolsConv.obs)
58   ProgramMenuFolder                                  iswi.obl(DebugSymbolsConv.obs)
59   RECT                                               iswi.obl(AdminAskPath.obs)
60   Reboot                                             Setup.obs
61   RecentFolder                                       iswi.obl(DebugSymbolsConv.obs)
62   SELECTED_LANGUAGE                                  iswi.obl(DebugSymbolsConv.obs)
63   SHELL_OBJECT_FOLDER                                Setup.obs
64   SRCDIR                                             Setup.obs
65   SRCDISK                                            iswi.obl(DebugSymbolsConv.obs)
66   SUPPORTDIR                                         iswi.obl(DebugSymbolsConv.obs)
67   SYSTEMTIME                                         iswi.obl(AdminAskPath.obs)
68   SYSTEMTIME2                                        iswi.obl(ErrHandler.obs)
69   SendToFolder                                       iswi.obl(DebugSymbolsConv.obs)
70   SetupInfo                                          Setup.obs
71   SourceDir                                          iswi.obl(DebugSymbolsConv.obs)
72   StartMenuFolder                                    iswi.obl(DebugSymbolsConv.obs)
73   StartupFolder                                      iswi.obl(DebugSymbolsConv.obs)
74   StatusDlg                                          Setup.obs
75   System16Folder                                     iswi.obl(DebugSymbolsConv.obs)
76   System64Folder                                     iswi.obl(DebugSymbolsConv.obs)
77   SystemFolder                                       iswi.obl(DebugSymbolsConv.obs)
78   TARGETDIR                                          Setup.obs
79   TARGETDISK                                         iswi.obl(DebugSymbolsConv.obs)
80   TempFolder                                         iswi.obl(DebugSymbolsConv.obs)
81   TemplateFolder                                     iswi.obl(DebugSymbolsConv.obs)
82   TextSub                                            Setup.obs
83   UNINST                                             Setup.obs
84   UNINSTALL_STRING                                   Setup.obs
85   WINDIR                                             iswi.obl(DebugSymbolsConv.obs)
86   WINDISK                                            iswi.obl(DebugSymbolsConv.obs)
87   WINSYSDIR                                          iswi.obl(DebugSymbolsConv.obs)
88   WINSYSDISK                                         iswi.obl(DebugSymbolsConv.obs)
89   WindowsFolder                                      iswi.obl(DebugSymbolsConv.obs)
90   WindowsVolume                                      iswi.obl(DebugSymbolsConv.obs)
91   _INT64                                             Setup.obs
92   _RESTOREINFO_                                      Setup.obs
93   _RESTOREPTINFO                                     Setup.obs
94   _SMGRSTATUS                                        Setup.obs
95   _SMGSTATUS_                                        Setup.obs
96   _WIN9X                                             Setup.obs
97   _WINNT                                             Setup.obs
98   __SYSTEMINFORMATION                                Setup.obs
99   __gbAliasingOff                                    iswi.obl(CompHelperFuncs.obs)
100  __gbCheckForUpdate                                 iswi.obl(CompHelperFuncs.obs)
101  __gbCheckUpdateReboot                              iswi.obl(CompHelperFuncs.obs)
102  __gbGetTarget                                      iswi.obl(CompHelperFuncs.obs)
103  __gbInitialized                                    iswi.obl(CompHelperFuncs.obs)
104  __gbInstallInfo                                    Setup.obs
105  __gbMaintenance                                    iswi.obl(CompHelperFuncs.obs)
106  __gbReopening                                      iswi.obl(CompHelperFuncs.obs)
107  __ghActiveDataBase                                 iswi.obl(CompHelperFuncs.obs)
108  __ghErrFileHandle                                  iswi.obl(CompHelperFuncs.obs)
109  __ghMsiInstall                                     iswi.obl(CompHelperFuncs.obs)
110  __gnButtonSelected                                 iswi.obl(CompHelperFuncs.obs)
111  __gnLastError                                      iswi.obl(CompHelperFuncs.obs)
112  __gnMsiReturn                                      iswi.obl(CompHelperFuncs.obs)
113  __gnOSMask                                         iswi.obl(CompHelperFuncs.obs)
114  __gnScriptMode                                     iswi.obl(CompHelperFuncs.obs)
115  __goISDriver                                       iswi.obl(CompHelperFuncs.obs)
116  __goLanguageFilter                                 iswi.obl(CompHelperFuncs.obs)
117  __goMsiServer                                      iswi.obl(CompHelperFuncs.obs)
118  __gsINSTALLDIR                                     iswi.obl(CompHelperFuncs.obs)
119  __gsProductGuid                                    iswi.obl(CompHelperFuncs.obs)
120  __gsSourceDir                                      iswi.obl(CompHelperFuncs.obs)
121  __hContext                                         iswi.obl(CompHelperFuncs.obs)
122  __objGlobalTextSub                                 Setup.obs
123  __objStringTable                                   iswi.obl(ISWiInit.obs)
124  __szGUID                                           iswi.obl(RegistryConv.obs)
125  bBackButton                                        Setup.obs
126  bCancelButton                                      Setup.obs
127  bEnterDiskBeep                                     iswi.obl(AdminAskPath.obs)
128  bFinishButton                                      Setup.obs
129  bIfxPCHInitialized                                 Setup.obs
130  bIfxPCHOn                                          Setup.obs
131  bInstall16                                         Setup.obs
132  bNextButton                                        Setup.obs
133  bSdInit                                            Setup.obs
134  bViewCmptKunits                                    Setup.obs
135  bViewCmptUseDecimal                                Setup.obs
136  g_bSuppressMissingStringWarning                    iswi.obl(DriverConv.obs)
137  nIfxPCHType                                        Setup.obs
138  szAppKey                                           Setup.obs
139  szInstallDeinstKey                                 Setup.obs
140  szSdProduct                                        Setup.obs
141  szSdStr_NotEnoughSpace                             Setup.obs
